<title>Vdbench output/config.html</title><pre>
Output from script /home/pramodh_billa/Documents/Assign/vdbench/linux/config.sh: 

Monday 14 November 2022 08:54:30 PM IST
>>>>>uname -a
Linux Billa 5.15.0-52-generic #58~20.04.1-Ubuntu SMP Thu Oct 13 13:09:46 UTC 2022 x86_64 x86_64 x86_64 GNU/Linux
Monday 14 November 2022 08:54:30 PM IST
>>>>>ifconfig -a
enp0s3: flags=4163<UP,BROADCAST,RUNNING,MULTICAST>  mtu 1500
        inet 10.0.2.15  netmask 255.255.255.0  broadcast 10.0.2.255
        inet6 fe80::c801:256:3e11:1b3e  prefixlen 64  scopeid 0x20<link>
        ether 08:00:27:55:9b:8a  txqueuelen 1000  (Ethernet)
        RX packets 502  bytes 208127 (208.1 KB)
        RX errors 0  dropped 0  overruns 0  frame 0
        TX packets 518  bytes 118267 (118.2 KB)
        TX errors 0  dropped 0 overruns 0  carrier 0  collisions 0

lo: flags=73<UP,LOOPBACK,RUNNING>  mtu 65536
        inet 127.0.0.1  netmask 255.0.0.0
        inet6 ::1  prefixlen 128  scopeid 0x10<host>
        loop  txqueuelen 1000  (Local Loopback)
        RX packets 2814  bytes 384819 (384.8 KB)
        RX errors 0  dropped 0  overruns 0  frame 0
        TX packets 2814  bytes 384819 (384.8 KB)
        TX errors 0  dropped 0 overruns 0  carrier 0  collisions 0

Monday 14 November 2022 08:54:30 PM IST
>>>>>id
uid=0(root) gid=0(root) groups=0(root)
Monday 14 November 2022 08:54:30 PM IST
>>>>>mount
sysfs on /sys type sysfs (rw,nosuid,nodev,noexec,relatime)
proc on /proc type proc (rw,nosuid,nodev,noexec,relatime)
udev on /dev type devtmpfs (rw,nosuid,noexec,relatime,size=5468380k,nr_inodes=1367095,mode=755,inode64)
devpts on /dev/pts type devpts (rw,nosuid,noexec,relatime,gid=5,mode=620,ptmxmode=000)
tmpfs on /run type tmpfs (rw,nosuid,nodev,noexec,relatime,size=1101344k,mode=755,inode64)
/dev/sda5 on / type ext4 (rw,relatime,errors=remount-ro)
securityfs on /sys/kernel/security type securityfs (rw,nosuid,nodev,noexec,relatime)
tmpfs on /dev/shm type tmpfs (rw,nosuid,nodev,inode64)
tmpfs on /run/lock type tmpfs (rw,nosuid,nodev,noexec,relatime,size=5120k,inode64)
tmpfs on /sys/fs/cgroup type tmpfs (ro,nosuid,nodev,noexec,mode=755,inode64)
cgroup2 on /sys/fs/cgroup/unified type cgroup2 (rw,nosuid,nodev,noexec,relatime,nsdelegate)
cgroup on /sys/fs/cgroup/systemd type cgroup (rw,nosuid,nodev,noexec,relatime,xattr,name=systemd)
pstore on /sys/fs/pstore type pstore (rw,nosuid,nodev,noexec,relatime)
bpf on /sys/fs/bpf type bpf (rw,nosuid,nodev,noexec,relatime,mode=700)
cgroup on /sys/fs/cgroup/freezer type cgroup (rw,nosuid,nodev,noexec,relatime,freezer)
cgroup on /sys/fs/cgroup/misc type cgroup (rw,nosuid,nodev,noexec,relatime,misc)
cgroup on /sys/fs/cgroup/net_cls,net_prio type cgroup (rw,nosuid,nodev,noexec,relatime,net_cls,net_prio)
cgroup on /sys/fs/cgroup/cpu,cpuacct type cgroup (rw,nosuid,nodev,noexec,relatime,cpu,cpuacct)
cgroup on /sys/fs/cgroup/rdma type cgroup (rw,nosuid,nodev,noexec,relatime,rdma)
cgroup on /sys/fs/cgroup/devices type cgroup (rw,nosuid,nodev,noexec,relatime,devices)
cgroup on /sys/fs/cgroup/blkio type cgroup (rw,nosuid,nodev,noexec,relatime,blkio)
cgroup on /sys/fs/cgroup/hugetlb type cgroup (rw,nosuid,nodev,noexec,relatime,hugetlb)
cgroup on /sys/fs/cgroup/cpuset type cgroup (rw,nosuid,nodev,noexec,relatime,cpuset)
cgroup on /sys/fs/cgroup/pids type cgroup (rw,nosuid,nodev,noexec,relatime,pids)
cgroup on /sys/fs/cgroup/perf_event type cgroup (rw,nosuid,nodev,noexec,relatime,perf_event)
cgroup on /sys/fs/cgroup/memory type cgroup (rw,nosuid,nodev,noexec,relatime,memory)
systemd-1 on /proc/sys/fs/binfmt_misc type autofs (rw,relatime,fd=28,pgrp=1,timeout=0,minproto=5,maxproto=5,direct,pipe_ino=15759)
hugetlbfs on /dev/hugepages type hugetlbfs (rw,relatime,pagesize=2M)
mqueue on /dev/mqueue type mqueue (rw,nosuid,nodev,noexec,relatime)
debugfs on /sys/kernel/debug type debugfs (rw,nosuid,nodev,noexec,relatime)
tracefs on /sys/kernel/tracing type tracefs (rw,nosuid,nodev,noexec,relatime)
fusectl on /sys/fs/fuse/connections type fusectl (rw,nosuid,nodev,noexec,relatime)
configfs on /sys/kernel/config type configfs (rw,nosuid,nodev,noexec,relatime)
/dev/sda3 on /home type ext4 (rw,relatime)
/dev/sdc1 on /home/pramodh_billa/ext_pool type ext4 (rw,relatime,errors=remount-ro)
zfs_pool on /zfs_pool type zfs (rw,xattr,noacl)
/var/lib/snapd/snaps/bare_5.snap on /snap/bare/5 type squashfs (ro,nodev,relatime,errors=continue,x-gdu.hide)
/var/lib/snapd/snaps/core18_2566.snap on /snap/core18/2566 type squashfs (ro,nodev,relatime,errors=continue,x-gdu.hide)
/var/lib/snapd/snaps/core18_2620.snap on /snap/core18/2620 type squashfs (ro,nodev,relatime,errors=continue,x-gdu.hide)
/var/lib/snapd/snaps/core20_1634.snap on /snap/core20/1634 type squashfs (ro,nodev,relatime,errors=continue,x-gdu.hide)
/var/lib/snapd/snaps/gnome-3-34-1804_77.snap on /snap/gnome-3-34-1804/77 type squashfs (ro,nodev,relatime,errors=continue,x-gdu.hide)
/var/lib/snapd/snaps/gnome-3-34-1804_72.snap on /snap/gnome-3-34-1804/72 type squashfs (ro,nodev,relatime,errors=continue,x-gdu.hide)
/var/lib/snapd/snaps/gnome-3-38-2004_115.snap on /snap/gnome-3-38-2004/115 type squashfs (ro,nodev,relatime,errors=continue,x-gdu.hide)
/var/lib/snapd/snaps/gnome-3-38-2004_119.snap on /snap/gnome-3-38-2004/119 type squashfs (ro,nodev,relatime,errors=continue,x-gdu.hide)
/var/lib/snapd/snaps/core20_1695.snap on /snap/core20/1695 type squashfs (ro,nodev,relatime,errors=continue,x-gdu.hide)
/var/lib/snapd/snaps/gtk-common-themes_1535.snap on /snap/gtk-common-themes/1535 type squashfs (ro,nodev,relatime,errors=continue,x-gdu.hide)
/var/lib/snapd/snaps/snap-store_558.snap on /snap/snap-store/558 type squashfs (ro,nodev,relatime,errors=continue,x-gdu.hide)
/var/lib/snapd/snaps/gtk-common-themes_1519.snap on /snap/gtk-common-themes/1519 type squashfs (ro,nodev,relatime,errors=continue,x-gdu.hide)
/var/lib/snapd/snaps/snap-store_599.snap on /snap/snap-store/599 type squashfs (ro,nodev,relatime,errors=continue,x-gdu.hide)
/var/lib/snapd/snaps/snapd_17336.snap on /snap/snapd/17336 type squashfs (ro,nodev,relatime,errors=continue,x-gdu.hide)
/var/lib/snapd/snaps/snapd_17029.snap on /snap/snapd/17029 type squashfs (ro,nodev,relatime,errors=continue,x-gdu.hide)
binfmt_misc on /proc/sys/fs/binfmt_misc type binfmt_misc (rw,nosuid,nodev,noexec,relatime)
tmpfs on /run/user/1000 type tmpfs (rw,nosuid,nodev,relatime,size=1101340k,mode=700,uid=1000,gid=1000,inode64)
gvfsd-fuse on /run/user/1000/gvfs type fuse.gvfsd-fuse (rw,nosuid,nodev,relatime,user_id=1000,group_id=1000)
/dev/sr0 on /media/pramodh_billa/VBox_GAs_6.1.28 type iso9660 (ro,nosuid,nodev,relatime,nojoliet,check=s,map=n,blocksize=2048,uid=1000,gid=1000,dmode=500,fmode=400,iocharset=utf8,uhelper=udisks2)
/dev/fuse on /run/user/1000/doc type fuse (rw,nosuid,nodev,relatime,user_id=1000,group_id=1000)
tmpfs on /run/snapd/ns type tmpfs (rw,nosuid,nodev,noexec,relatime,size=1101344k,mode=755,inode64)
nsfs on /run/snapd/ns/snap-store.mnt type nsfs (rw)
Monday 14 November 2022 08:54:30 PM IST
>>>>>memory
MemTotal:       11013412 kB
MemFree:         6990004 kB
MemAvailable:    9279212 kB
Buffers:           81764 kB
Cached:          2409660 kB
SwapCached:            0 kB
Active:          1249824 kB
Inactive:        2218708 kB
Active(anon):       1464 kB
Inactive(anon):  1003744 kB
Active(file):    1248360 kB
Inactive(file):  1214964 kB
Unevictable:           0 kB
Mlocked:               0 kB
SwapTotal:       2928636 kB
SwapFree:        2928636 kB
Dirty:               628 kB
Writeback:             0 kB
AnonPages:        977164 kB
Mapped:           360308 kB
Shmem:             31824 kB
KReclaimable:     111684 kB
Slab:             182444 kB
SReclaimable:     111684 kB
SUnreclaim:        70760 kB
KernelStack:        8832 kB
PageTables:        15772 kB
NFS_Unstable:          0 kB
Bounce:                0 kB
WritebackTmp:          0 kB
CommitLimit:     8435340 kB
Committed_AS:    4398716 kB
VmallocTotal:   34359738367 kB
VmallocUsed:       84792 kB
VmallocChunk:          0 kB
Percpu:              792 kB
HardwareCorrupted:     0 kB
AnonHugePages:         0 kB
ShmemHugePages:        0 kB
ShmemPmdMapped:        0 kB
FileHugePages:         0 kB
FilePmdMapped:         0 kB
HugePages_Total:       0
HugePages_Free:        0
HugePages_Rsvd:        0
HugePages_Surp:        0
Hugepagesize:       2048 kB
Hugetlb:               0 kB
DirectMap4k:      242624 kB
DirectMap2M:    11077632 kB
              total        used        free      shared  buff/cache   available
Mem:       11013412     1420300     6990004       31824     2603108     9279212
Low:       11013412     4023408     6990004
High:             0           0           0
Swap:       2928636           0     2928636
Monday 14 November 2022 08:54:30 PM IST
>>>>>ps -ef | grep -i vdb
root        4086    3086  0 20:54 pts/0    00:00:00 sudo ./vdbench -f ext4_large
root        4087    4086  0 20:54 pts/0    00:00:00 /bin/bash ./vdbench -f ext4_large
root        4089    4087 18 20:54 pts/0    00:00:00 java -client -Xmx512m -Xms64m -cp ./:./classes:./vdbench.jar Vdb.Vdbmain -f ext4_large
root        4109    4089  0 20:54 pts/0    00:00:00 /bin/bash /home/pramodh_billa/Documents/Assign/vdbench/vdbench SlaveJvm -m localhost -n localhost-10-221114-20.54.29.631 -l localhost-0 -p 5570
root        4113    4109 14 20:54 pts/0    00:00:00 java -client -Xmx1024m -Xms128m -cp /home/pramodh_billa/Documents/Assign/vdbench/:/home/pramodh_billa/Documents/Assign/vdbench/classes:/home/pramodh_billa/Documents/Assign/vdbench/vdbench.jar Vdb.SlaveJvm SlaveJvm -m localhost -n localhost-10-221114-20.54.29.631 -l localhost-0 -p 5570
root        4141    4089  0 20:54 pts/0    00:00:00 /bin/bash /home/pramodh_billa/Documents/Assign/vdbench/linux/config.sh -o /home/pramodh_billa/Documents/Assign/vdbench/output localhost
root        4157    4141  0 20:54 pts/0    00:00:00 grep -i vdb

